// Jest Snapshot v1, https://goo.gl/fbAQLP

exports[`<AtomicCarousel /> Should render correctly 1`] = `
<AtomicCarousel
  animationIcon={true}
  autoPlay={true}
  classNames=""
  displayHeader={true}
  dots={true}
  fade={true}
  heading="Carousel"
  navigation={true}
  navigationIcons={true}
  nextLabel="next"
  perSlideFrame={1}
  playLabel="play"
  prevLabel="prev"
  slideTransitionTime={1500}
  stopLabel="stop"
>
  <section
    aria-labelledby="carousel"
    className="carousel"
  >
    <header
      id="carousel"
    >
      <Heading
        HeadingType="h1"
        className="carousel-heading"
        elementLocator=""
        inheritedStyles=""
      >
        <h1
          className="carousel-heading"
          data-locator="heading-h1-carousel"
        >
          Carousel
        </h1>
      </Heading>
    </header>
    <div
      className="carousel-container"
    >
      <Button
        ariaLabel=""
        className="previous navigation-image prev-icon"
        data-action="prev"
        disabled={true}
        elementLocator=""
        inheritedStyles=""
        onClick={[Function]}
        onKeyUp={[Function]}
        primary={false}
        secondary={false}
        tertiary={false}
        title="prev"
        type="button"
      >
        <button
          aria-label={null}
          className="previous navigation-image prev-icon"
          data-action="prev"
          data-locator="button-button-prev"
          disabled={true}
          onClick={[Function]}
          onKeyUp={[Function]}
          title="prev"
          type="button"
        >
          prev
        </button>
      </Button>
      <div
        className="carousel-slides fadeIn"
        onMouseEnter={[Function]}
        onMouseLeave={[Function]}
      >
        <div
          className="slide-item"
        >
          <h1>
            Test1
          </h1>
        </div>
      </div>
      <Button
        ariaLabel=""
        className="next navigation-image next-icon"
        data-action="next"
        disabled={false}
        elementLocator=""
        inheritedStyles=""
        onClick={[Function]}
        onKeyUp={[Function]}
        primary={false}
        secondary={false}
        tertiary={false}
        title="next"
        type="button"
      >
        <button
          aria-label={null}
          className="next navigation-image next-icon"
          data-action="next"
          data-locator="button-button-next"
          disabled={false}
          onClick={[Function]}
          onKeyUp={[Function]}
          title="next"
          type="button"
        >
          next
        </button>
      </Button>
    </div>
    <div
      className="atomic-dots"
    >
      <List
        ListType="ul"
        borderSeparator={false}
        className=""
        inheritedStyles=""
        inline={false}
        nested={false}
        noDefaultView={false}
        noMargin={false}
      >
        <ul
          borderSeparator={false}
          className=""
          inline={false}
          nested={false}
          noDefaultView={false}
          noMargin={false}
          style={String {}}
        >
          <li
            className="atomic-item active"
            key="1"
          >
            <Button
              ariaLabel=""
              className=""
              disabled={false}
              elementLocator=""
              inheritedStyles=""
              onClick={[Function]}
              onKeyUp={[Function]}
              primary={false}
              secondary={false}
              tertiary={false}
              type="button"
            >
              <button
                aria-label={null}
                className=""
                data-locator="button-button-"
                disabled={false}
                onClick={[Function]}
                onKeyUp={[Function]}
                type="button"
              >
                1
              </button>
            </Button>
          </li>
          <li
            className="atomic-item"
            key="2"
          >
            <Button
              ariaLabel=""
              className=""
              disabled={false}
              elementLocator=""
              inheritedStyles=""
              onClick={[Function]}
              onKeyUp={[Function]}
              primary={false}
              secondary={false}
              tertiary={false}
              type="button"
            >
              <button
                aria-label={null}
                className=""
                data-locator="button-button-"
                disabled={false}
                onClick={[Function]}
                onKeyUp={[Function]}
                type="button"
              >
                2
              </button>
            </Button>
          </li>
          <li
            className="atomic-item"
            key="3"
          >
            <Button
              ariaLabel=""
              className=""
              disabled={false}
              elementLocator=""
              inheritedStyles=""
              onClick={[Function]}
              onKeyUp={[Function]}
              primary={false}
              secondary={false}
              tertiary={false}
              type="button"
            >
              <button
                aria-label={null}
                className=""
                data-locator="button-button-"
                disabled={false}
                onClick={[Function]}
                onKeyUp={[Function]}
                type="button"
              >
                3
              </button>
            </Button>
          </li>
          <li
            className="atomic-item"
            key="4"
          >
            <Button
              ariaLabel=""
              className=""
              disabled={false}
              elementLocator=""
              inheritedStyles=""
              onClick={[Function]}
              onKeyUp={[Function]}
              primary={false}
              secondary={false}
              tertiary={false}
              type="button"
            >
              <button
                aria-label={null}
                className=""
                data-locator="button-button-"
                disabled={false}
                onClick={[Function]}
                onKeyUp={[Function]}
                type="button"
              >
                4
              </button>
            </Button>
          </li>
        </ul>
      </List>
    </div>
    <div
      aria-label="animation"
      className="animation-panel"
    >
      <Button
        ariaLabel=""
        className="animation-btn-icon stop"
        disabled={false}
        elementLocator=""
        inheritedStyles=""
        onClick={[Function]}
        primary={false}
        secondary={false}
        tertiary={false}
        type="button"
      >
        <button
          aria-label={null}
          className="animation-btn-icon stop"
          data-locator="button-button-stop"
          disabled={false}
          onClick={[Function]}
          type="button"
        >
          stop
        </button>
      </Button>
    </div>
    <div
      aria-atomic="true"
      aria-live="polite"
      className="hidden"
      tabIndex="-1"
    >
      Item 1 of 4
    </div>
  </section>
</AtomicCarousel>
`;
